node : Error in findF
ileFormatStream: 
truncated file
At line:1 char:1
+ node server.js > 
out.log 2> err.log
+ ~~~~~~~~~~~~~~~~~~~
~~~~~~~~~~~~~~~~
    + CategoryInfo   
           : NotSpe  
  cified: (Error i   
 n findFi... trun    
cated file:Strin    
g) [], RemoteExc    
eption
    + FullyQualified 
   ErrorId : Native  
  CommandError
 
node:internal/event_t
arget:1118
  
process.nextTick(() 
=> { throw err; });
                     
      ^

Error: Error: Error 
attempting to read 
image.
    at 
Worker.<anonymous> (C
:\Users\JIYA\OneDrive
\Desktop\SIH\backend\
node_modules\tesserac
t.js\src\createWorker
.js:191:15)
    at Worker.emit 
(node:events:509:28)
    at MessagePort.<a
nonymous> (node:inter
nal/worker:332:53)
    at [nodejs.intern
al.kHybridDispatch] (
node:internal/event_t
arget:843:20)
    at MessagePort.<a
nonymous> (node:inter
nal/per_context/messa
geport:23:28)

Node.js v24.15.0
